
> misstress@0.0.0 build
> tsc -b && vite build

src/App.tsx(2,1): error TS6133: 'Hero' is declared but its value is never read.
src/components/HeroSlideshow.tsx(47,9): error TS6133: 'goToPrevious' is declared but its value is never read.
src/components/HeroSlideshow.tsx(51,9): error TS6133: 'goToNext' is declared but its value is never read.
src/components/Products.tsx(2,1): error TS6133: 'Star' is declared but its value is never read.
src/components/ui/calendar.tsx(63,9): error TS2353: Object literal may only specify known properties, and 'IconLeft' does not exist in type 'Partial<CustomComponents>'.
src/components/ui/calendar.tsx(63,22): error TS7031: Binding element 'className' implicitly has an 'any' type.
src/components/ui/calendar.tsx(66,23): error TS7031: Binding element 'className' implicitly has an 'any' type.
src/components/ui/chart.tsx(109,3): error TS2339: Property 'payload' does not exist on type 'Omit<Props<ValueType, NameType>, PropertiesReadFromContext> & { active?: boolean | undefined; allowEscapeViewBox?: AllowInDimension | undefined; ... 17 more ...; wrapperStyle?: CSSProperties | undefined; } & ClassAttributes<...> & HTMLAttributes<...> & { ...; }'.
src/components/ui/chart.tsx(114,3): error TS2339: Property 'label' does not exist on type 'Omit<Props<ValueType, NameType>, PropertiesReadFromContext> & { active?: boolean | undefined; allowEscapeViewBox?: AllowInDimension | undefined; ... 17 more ...; wrapperStyle?: CSSProperties | undefined; } & ClassAttributes<...> & HTMLAttributes<...> & { ...; }'.
src/components/ui/chart.tsx(182,23): error TS7006: Parameter 'item' implicitly has an 'any' type.
src/components/ui/chart.tsx(182,29): error TS7006: Parameter 'index' implicitly has an 'any' type.
src/components/ui/chart.tsx(260,39): error TS2344: Type '"payload" | "verticalAlign"' does not satisfy the constraint '"string" | "filter" | "fill" | "values" | "children" | "className" | "onMouseEnter" | "onMouseLeave" | "fontFamily" | "style" | "onClick" | "suppressHydrationWarning" | "color" | ... 433 more ... | "onBBoxUpdate"'.
  Type '"payload"' is not assignable to type '"string" | "filter" | "fill" | "values" | "children" | "className" | "onMouseEnter" | "onMouseLeave" | "fontFamily" | "style" | "onClick" | "suppressHydrationWarning" | "color" | ... 433 more ... | "onBBoxUpdate"'.
src/components/ui/chart.tsx(266,17): error TS2339: Property 'length' does not exist on type '{}'.
src/components/ui/chart.tsx(278,16): error TS2339: Property 'map' does not exist on type '{}'.
src/components/ui/chart.tsx(278,21): error TS7006: Parameter 'item' implicitly has an 'any' type.
src/components/ui/resizable.tsx(5,17): error TS2724: '"react-resizable-panels"' has no exported member named 'PanelGroup'. Did you mean 'PanelProps'?
src/components/ui/resizable.tsx(5,29): error TS2305: Module '"react-resizable-panels"' has no exported member 'PanelResizeHandle'.
src/components/ui/sidebar.tsx(5,10): error TS1484: 'VariantProps' is a type and must be imported using a type-only import when 'verbatimModuleSyntax' is enabled.
src/components/ui/sonner.tsx(4,29): error TS1484: 'ToasterProps' is a type and must be imported using a type-only import when 'verbatimModuleSyntax' is enabled.
